// Vitest Snapshot v1, https://vitest.dev/guide/snapshot.html

exports[`describe > test defineConfig 1`] = `
{
  "logLevel": "info",
  "steps": [
    {
      "command": "git tag v#{tag} -m #{message}",
      "tags": {
        "message": "message",
        "tag": "tag",
      },
    },
  ],
}
`;
